../Core/Src/VersdOS.c:62:6:idleTask	4	static,ignoring_inline_asm
../Core/Src/VersdOS.c:72:6:addTaskToListAtIndex	32	static
../Core/Src/VersdOS.c:124:6:addTaskToList	32	static
../Core/Src/VersdOS.c:138:6:startVersdOS	16	static,ignoring_inline_asm
../Core/Src/VersdOS.c:158:8:schedule	24	static
../Core/Src/VersdOS.c:199:6:SysTick_Handler	16	static
../Core/Src/VersdOS.c:220:6:PendSV_Handler	0	static
../Core/Src/VersdOS.c:241:6:SVC_Handler	8	static
../Core/Src/VersdOS.c:248:6:taskYield	4	static,ignoring_inline_asm
../Core/Src/VersdOS.c:254:6:requestDelay	16	static
