/mnt/Homework/Avans/MINOR/RTS10_assignments/opdr_3_6/Core/CMSIS/Include/core_cm4.h:1816:22:__NVIC_SetPriority	16	static
/mnt/Homework/Avans/MINOR/RTS10_assignments/opdr_3_6/Core/CMSIS/Include/core_cm4.h:2022:26:SysTick_Config	16	static
../Core/Src/main.c:38:6:initialize_task	24	static
../Core/Src/main.c:49:6:runReadyTasks	16	static
../Core/Src/main.c:63:6:toggleRed	4	static
../Core/Src/main.c:67:6:toggleGreen	4	static
../Core/Src/main.c:71:6:toggleOrange	4	static
../Core/Src/main.c:75:6:toggleBlue	4	static
../Core/Src/main.c:80:6:SysTick_Handler	16	static
../Core/Src/main.c:105:5:main	8	static,ignoring_inline_asm
